controllers/atsController.ts(18,27): error TS2345: Argument of type 'string | string[]' is not assignable to parameter of type 'string'.
  Type 'string[]' is not assignable to type 'string'.
controllers/atsController.ts(42,27): error TS2345: Argument of type 'string | string[]' is not assignable to parameter of type 'string'.
  Type 'string[]' is not assignable to type 'string'.
services/atsService.ts(47,9): error TS2322: Type '{ fileName: string; fileId: string; fileSize: number; mimeType: string; isActive: boolean; status: JobStatus; rawText: string | null; summary: string | null; atsFormatScore: number | null; ... 4 more ...; userId: number; } | null' is not assignable to type 'CVData'.
  Type 'null' is not assignable to type 'CVData'.
services/atsService.ts(53,9): error TS2740: Type 'Uint8Array<ArrayBufferLike>' is missing the following properties from type 'Buffer<ArrayBufferLike>': write, toJSON, equals, compare, and 66 more.
services/atsService.ts(66,6): error TS2345: Argument of type 'string | undefined' is not assignable to parameter of type 'null | undefined'.
  Type 'string' is not assignable to type 'null | undefined'.
services/atsService.ts(70,9): error TS2741: Property 'driveFileId' is missing in type '{ fileId: string | null; createdAt: Date; updatedAt: Date; id: number; cvId: number; content: JsonValue; }' but required in type 'ATSFormattedCV'.
